Function main:
Block 0
  in:
  out:
    i 12
    max 
    min 
    target 
    v0 
    v1 
    v2 
    v3 
    v4 
    v7 
    v8 
Block 1
  in:
    i 12 30
    max 12 30
    min 12 30
    target 
    v0 
    v1 
    v10 
    v11 16
    v12 17
    v14 12 30
    v15 
    v16 20
    v17 12 30
    v19 12 30
    v2 
    v20 
    v21 25
    v22 12 30
    v23 12 30
    v24 12 30
    v25 30
    v3 
    v4 
    v7 
    v8 
    v9 12 30
  out:
    i 12 30
    max 12 30
    min 12 30
    target 
    v0 
    v1 
    v10 
    v11 16
    v12 17
    v14 12 30
    v15 
    v16 20
    v17 12 30
    v19 12 30
    v2 
    v20 
    v21 25
    v22 12 30
    v23 12 30
    v24 12 30
    v25 30
    v3 
    v4 
    v7 
    v8 
    v9 12 30
Block 2
  in:
    i 12 30
    max 12 30
    min 12 30
    target 
    v0 
    v1 
    v10 
    v11 16
    v12 17
    v14 12 30
    v15 
    v16 20
    v17 12 30
    v19 12 30
    v2 
    v20 
    v21 25
    v22 12 30
    v23 12 30
    v24 12 30
    v25 30
    v3 
    v4 
    v7 
    v8 
    v9 12 30
  out:
    i 12 30
    max 12 30
    min 12 30
    target 
    v0 
    v1 
    v10 
    v11 16
    v12 17
    v14 12 30
    v15 
    v16 20
    v17 12 30
    v19 12 30
    v2 
    v20 
    v21 25
    v22 12 30
    v23 12 30
    v24 12 30
    v25 30
    v3 
    v4 
    v7 
    v8 
    v9 12 30
Block 3
  in:
    i 12 30
    max 12 30
    min 12 30
    target 
    v0 
    v1 
    v10 
    v11 16
    v12 17
    v14 12 30
    v15 
    v16 20
    v17 12 30
    v19 12 30
    v2 
    v20 
    v21 25
    v22 12 30
    v23 12 30
    v24 12 30
    v25 30
    v3 
    v4 
    v7 
    v8 
    v9 12 30
  out:
    i 12 30
    max 12 30
    min 12 30
    target 
    v0 
    v1 
    v10 
    v11 16
    v12 17
    v14 12 30
    v15 
    v16 20
    v17 12 30
    v19 12 30
    v2 
    v20 
    v21 25
    v22 12 30
    v23 12 30
    v24 12 30
    v25 30
    v3 
    v4 
    v7 
    v8 
    v9 12 30
Block 4
  in:
    i 12 30
    max 12 30
    min 12 30
    target 
    v0 
    v1 
    v10 
    v11 16
    v12 17
    v14 12 30
    v15 
    v16 20
    v17 12 30
    v19 12 30
    v2 
    v20 
    v21 25
    v22 12 30
    v23 12 30
    v24 12 30
    v25 30
    v3 
    v4 
    v7 
    v8 
    v9 12 30
  out:
    i 12 30
    max 12 30
    min 12 30
    target 
    v0 
    v1 
    v10 
    v11 16
    v12 17
    v14 12 30
    v15 
    v16 20
    v17 12 30
    v19 12 30
    v2 
    v20 
    v21 25
    v22 12 30
    v23 12 30
    v24 12 30
    v25 30
    v3 
    v4 
    v7 
    v8 
    v9 12 30
Block 5
  in:
    i 12 30
    max 12 30
    min 12 30
    target 
    v0 
    v1 
    v10 
    v11 16
    v12 17
    v14 12 30
    v15 
    v16 20
    v17 12 30
    v19 12 30
    v2 
    v20 
    v21 25
    v22 12 30
    v23 12 30
    v24 12 30
    v25 30
    v3 
    v4 
    v7 
    v8 
    v9 12 30
  out:
    i 12 30
    max 12 30
    min 12 30
    target 
    v0 
    v1 
    v10 
    v11 16
    v12 17
    v14 12 30
    v15 
    v16 20
    v17 12 30
    v19 12 30
    v2 
    v20 
    v21 25
    v22 12 30
    v23 12 30
    v24 12 30
    v25 30
    v3 
    v4 
    v7 
    v8 
    v9 12 30
Block 6
  in:
    i 12 30
    max 12 30
    min 12 30
    target 
    v0 
    v1 
    v10 
    v11 16
    v12 17
    v14 12 30
    v15 
    v16 20
    v17 12 30
    v19 12 30
    v2 
    v20 
    v21 25
    v22 12 30
    v23 12 30
    v24 12 30
    v25 30
    v3 
    v4 
    v7 
    v8 
    v9 12 30
  out:
    i 12 30
    max 12 30
    min 12 30
    target 
    v0 
    v1 
    v10 
    v11 16
    v12 17
    v14 12 30
    v15 
    v16 20
    v17 12 30
    v19 12 30
    v2 
    v20 
    v21 25
    v22 12 30
    v23 12 30
    v24 12 30
    v25 30
    v3 
    v4 
    v7 
    v8 
    v9 12 30
Block 7
  in:
    i 12 30
    max 12 30
    min 12 30
    target 
    v0 
    v1 
    v10 
    v11 16
    v12 17
    v14 12 30
    v15 
    v16 20
    v17 12 30
    v19 12 30
    v2 
    v20 
    v21 25
    v22 12 30
    v23 12 30
    v24 12 30
    v25 30
    v3 
    v4 
    v7 
    v8 
    v9 12 30
  out:
    i 12 30
    max 12 30
    min 12 30
    target 
    v0 
    v1 
    v10 
    v11 16
    v12 17
    v14 12 30
    v15 
    v16 20
    v17 12 30
    v19 12 30
    v2 
    v20 
    v21 25
    v22 12 30
    v23 12 30
    v24 12 30
    v25 30
    v3 
    v4 
    v7 
    v8 
    v9 12 30
Block 8
  in:
    i 12 30
    max 12 30
    min 12 30
    target 
    v0 
    v1 
    v10 
    v11 16
    v12 17
    v14 12 30
    v15 
    v16 20
    v17 12 30
    v19 12 30
    v2 
    v20 
    v21 25
    v22 12 30
    v23 12 30
    v24 12 30
    v25 30
    v3 
    v4 
    v7 
    v8 
    v9 12 30
  out:
    i 30
    max 12 30
    min 12 30
    target 
    v0 
    v1 
    v10 
    v11 16
    v12 17
    v14 12 30
    v15 
    v16 20
    v17 12 30
    v19 12 30
    v2 
    v20 
    v21 25
    v22 12 30
    v23 12 30
    v24 12 30
    v25 30
    v3 
    v4 
    v7 
    v8 
    v9 12 30
Block 9
  in:
    i 12 30
    max 12 30
    min 12 30
    target 
    v0 
    v1 
    v10 
    v11 16
    v12 17
    v14 12 30
    v15 
    v16 20
    v17 12 30
    v19 12 30
    v2 
    v20 
    v21 25
    v22 12 30
    v23 12 30
    v24 12 30
    v25 30
    v3 
    v4 
    v7 
    v8 
    v9 12 30
  out:
    i 12 30
    max 12 30
    min 12 30
    target 
    v0 
    v1 
    v10 
    v11 16
    v12 17
    v14 12 30
    v15 
    v16 20
    v17 12 30
    v19 12 30
    v2 
    v20 
    v21 25
    v22 12 30
    v23 12 30
    v24 12 30
    v25 30
    v26 12 30
    v27 33
    v3 
    v4 
    v7 
    v8 
    v9 12 30
Function midpoint:
Block 0
  in:
  out:
    sum 36
    v0 
    v1 
    v2 36
    v3 36
    v4 39
    v5 40
