Function main:
Block 0
  in:
  out:
    acc 0
    y 1
Function is_even:
Block 0
  in:
  out:
    half 3
    reconstruct 4
    same 5
    two 2
Function bin_pow:
Block 0
  in:
  out:
    cond0 9
    one 7
    two 8
    zero 6
Block 1
  in:
    cond0 9
    one 7
    two 8
    zero 6
  out:
    cond0 9
    one 7
    two 8
    zero 6
Block 2
  in:
    cond0 9
    one 7
    two 8
    zero 6
  out:
    cond0 9
    is_even 10
    one 7
    two 8
    zero 6
Block 3
  in:
    cond0 9
    is_even 10
    one 7
    two 8
    zero 6
  out:
    cond0 9
    is_even 10
    n2 12
    one 7
    two 8
    val 13
    x2 11
    zero 6
Block 4
  in:
    cond0 9
    is_even 10
    one 7
    two 8
    zero 6
  out:
    acc2 15
    cond0 9
    is_even 10
    n2 14
    one 7
    two 8
    val 16
    zero 6
